2026-03-24T00:09:51.592+08:00  INFO 32728 --- [main] c.l.Hospital_Mgmt_SB.AppointmentTest     : Starting AppointmentTest using Java 21.0.9 with PID 32728 (started by tauki in D:\New learning codes\SpringBoot Code\anujSharma\CodingShuttleProject\Hospital_Mgmt_SB\Hospital_Mgmt_SB)
2026-03-24T00:09:51.596+08:00  INFO 32728 --- [main] c.l.Hospital_Mgmt_SB.AppointmentTest     : No active profile set, falling back to 1 default profile: "default"
2026-03-24T00:09:52.131+08:00  INFO 32728 --- [main] .s.d.r.c.RepositoryConfigurationDelegate : Bootstrapping Spring Data JPA repositories in DEFAULT mode.
2026-03-24T00:09:52.194+08:00  INFO 32728 --- [main] .s.d.r.c.RepositoryConfigurationDelegate : Finished Spring Data repository scanning in 52 ms. Found 7 JPA repository interfaces.
2026-03-24T00:09:52.535+08:00  INFO 32728 --- [main] org.hibernate.orm.jpa                    : HHH008540: Processing PersistenceUnitInfo [name: default]
2026-03-24T00:09:52.582+08:00  INFO 32728 --- [main] org.hibernate.orm.core                   : HHH000001: Hibernate ORM core version 7.2.4.Final
2026-03-24T00:09:53.059+08:00  INFO 32728 --- [main] o.s.o.j.p.SpringPersistenceUnitInfo      : No LoadTimeWeaver setup: ignoring JPA class transformer
2026-03-24T00:09:53.094+08:00  INFO 32728 --- [main] com.zaxxer.hikari.HikariDataSource       : HikariPool-1 - Starting...
2026-03-24T00:09:53.226+08:00  INFO 32728 --- [main] com.zaxxer.hikari.pool.HikariPool        : HikariPool-1 - Added connection org.postgresql.jdbc.PgConnection@55b74e6b
2026-03-24T00:09:53.227+08:00  INFO 32728 --- [main] com.zaxxer.hikari.HikariDataSource       : HikariPool-1 - Start completed.
2026-03-24T00:09:53.280+08:00  INFO 32728 --- [main] org.hibernate.orm.connections.pooling    : HHH10001005: Database info:
	Database JDBC URL [jdbc:postgresql://localhost:5432/learnSpringBoot_hospitalDB]
	Database driver: PostgreSQL JDBC Driver
	Database dialect: PostgreSQLDialect
	Database version: 17.4
	Default catalog/schema: learnSpringBoot_hospitalDB/public
	Autocommit mode: undefined/unknown
	Isolation level: READ_COMMITTED [default READ_COMMITTED]
	JDBC fetch size: none
	Pool: DataSourceConnectionProvider
	Minimum pool size: undefined/unknown
	Maximum pool size: undefined/unknown
2026-03-24T00:09:54.108+08:00  INFO 32728 --- [main] org.hibernate.orm.core                   : HHH000489: No JTA platform available (set 'hibernate.transaction.jta.platform' to enable JTA platform integration)
2026-03-24T00:09:54.170+08:00  INFO 32728 --- [main] j.LocalContainerEntityManagerFactoryBean : Initialized JPA EntityManagerFactory for persistence unit 'default'
2026-03-24T00:09:54.250+08:00  INFO 32728 --- [main] o.s.d.j.r.query.QueryEnhancerFactories   : Hibernate is in classpath; If applicable, HQL parser will be used.
2026-03-24T00:09:55.317+08:00  WARN 32728 --- [main] JpaBaseConfiguration$JpaWebConfiguration : spring.jpa.open-in-view is enabled by default. Therefore, database queries may be performed during view rendering. Explicitly configure spring.jpa.open-in-view to disable this warning
2026-03-24T00:09:55.745+08:00  INFO 32728 --- [main] c.l.Hospital_Mgmt_SB.AppointmentTest     : Started AppointmentTest in 4.391 seconds (process running for 5.295)
2026-03-24T00:09:56.128+08:00  WARN 32728 --- [main] org.hibernate.orm.jdbc.error             : HHH000247: ErrorCode: 0, SQLState: 23503
2026-03-24T00:09:56.128+08:00  WARN 32728 --- [main] org.hibernate.orm.jdbc.error             : ERROR: update or delete on table "doctor_mst_sb" violates foreign key constraint "fk_headdoc_department_mst_sb_doctor_mst_sb" on table "department_mst_sb"
  Detail: Key (id)=(1) is still referenced from table "department_mst_sb".
2026-03-24T00:09:56.157+08:00  INFO 32728 --- [SpringApplicationShutdownHook] j.LocalContainerEntityManagerFactoryBean : Closing JPA EntityManagerFactory for persistence unit 'default'
2026-03-24T00:09:56.160+08:00  INFO 32728 --- [SpringApplicationShutdownHook] com.zaxxer.hikari.HikariDataSource       : HikariPool-1 - Shutdown initiated...
2026-03-24T00:09:56.163+08:00  INFO 32728 --- [SpringApplicationShutdownHook] com.zaxxer.hikari.HikariDataSource       : HikariPool-1 - Shutdown completed.
2026-03-24T00:13:12.939+08:00  INFO 38892 --- [main] c.l.Hospital_Mgmt_SB.AppointmentTest     : Starting AppointmentTest using Java 21.0.9 with PID 38892 (started by tauki in D:\New learning codes\SpringBoot Code\anujSharma\CodingShuttleProject\Hospital_Mgmt_SB\Hospital_Mgmt_SB)
2026-03-24T00:13:12.940+08:00  INFO 38892 --- [main] c.l.Hospital_Mgmt_SB.AppointmentTest     : No active profile set, falling back to 1 default profile: "default"
2026-03-24T00:13:13.418+08:00  INFO 38892 --- [main] .s.d.r.c.RepositoryConfigurationDelegate : Bootstrapping Spring Data JPA repositories in DEFAULT mode.
2026-03-24T00:13:13.481+08:00  INFO 38892 --- [main] .s.d.r.c.RepositoryConfigurationDelegate : Finished Spring Data repository scanning in 55 ms. Found 7 JPA repository interfaces.
2026-03-24T00:13:13.835+08:00  INFO 38892 --- [main] org.hibernate.orm.jpa                    : HHH008540: Processing PersistenceUnitInfo [name: default]
2026-03-24T00:13:13.888+08:00  INFO 38892 --- [main] org.hibernate.orm.core                   : HHH000001: Hibernate ORM core version 7.2.4.Final
2026-03-24T00:13:14.339+08:00  INFO 38892 --- [main] o.s.o.j.p.SpringPersistenceUnitInfo      : No LoadTimeWeaver setup: ignoring JPA class transformer
2026-03-24T00:13:14.370+08:00  INFO 38892 --- [main] com.zaxxer.hikari.HikariDataSource       : HikariPool-1 - Starting...
2026-03-24T00:13:14.629+08:00  INFO 38892 --- [main] com.zaxxer.hikari.pool.HikariPool        : HikariPool-1 - Added connection org.postgresql.jdbc.PgConnection@70700b8a
2026-03-24T00:13:14.630+08:00  INFO 38892 --- [main] com.zaxxer.hikari.HikariDataSource       : HikariPool-1 - Start completed.
2026-03-24T00:13:14.685+08:00  INFO 38892 --- [main] org.hibernate.orm.connections.pooling    : HHH10001005: Database info:
	Database JDBC URL [jdbc:postgresql://localhost:5432/learnSpringBoot_hospitalDB]
	Database driver: PostgreSQL JDBC Driver
	Database dialect: PostgreSQLDialect
	Database version: 17.4
	Default catalog/schema: learnSpringBoot_hospitalDB/public
	Autocommit mode: undefined/unknown
	Isolation level: READ_COMMITTED [default READ_COMMITTED]
	JDBC fetch size: none
	Pool: DataSourceConnectionProvider
	Minimum pool size: undefined/unknown
	Maximum pool size: undefined/unknown
2026-03-24T00:13:15.476+08:00  INFO 38892 --- [main] org.hibernate.orm.core                   : HHH000489: No JTA platform available (set 'hibernate.transaction.jta.platform' to enable JTA platform integration)
2026-03-24T00:13:15.532+08:00  INFO 38892 --- [main] j.LocalContainerEntityManagerFactoryBean : Initialized JPA EntityManagerFactory for persistence unit 'default'
2026-03-24T00:13:15.610+08:00  INFO 38892 --- [main] o.s.d.j.r.query.QueryEnhancerFactories   : Hibernate is in classpath; If applicable, HQL parser will be used.
2026-03-24T00:13:16.590+08:00  WARN 38892 --- [main] JpaBaseConfiguration$JpaWebConfiguration : spring.jpa.open-in-view is enabled by default. Therefore, database queries may be performed during view rendering. Explicitly configure spring.jpa.open-in-view to disable this warning
2026-03-24T00:13:17.028+08:00  INFO 38892 --- [main] c.l.Hospital_Mgmt_SB.AppointmentTest     : Started AppointmentTest in 4.344 seconds (process running for 5.213)
2026-03-24T00:13:17.464+08:00  WARN 38892 --- [main] org.hibernate.orm.jdbc.error             : HHH000247: ErrorCode: 0, SQLState: 23503
2026-03-24T00:13:17.464+08:00  WARN 38892 --- [main] org.hibernate.orm.jdbc.error             : ERROR: update or delete on table "doctor_mst_sb" violates foreign key constraint "fk_headdoc_department_mst_sb_doctor_mst_sb" on table "department_mst_sb"
  Detail: Key (id)=(1) is still referenced from table "department_mst_sb".
2026-03-24T00:13:17.490+08:00  INFO 38892 --- [SpringApplicationShutdownHook] j.LocalContainerEntityManagerFactoryBean : Closing JPA EntityManagerFactory for persistence unit 'default'
2026-03-24T00:13:17.492+08:00  INFO 38892 --- [SpringApplicationShutdownHook] com.zaxxer.hikari.HikariDataSource       : HikariPool-1 - Shutdown initiated...
2026-03-24T00:13:17.494+08:00  INFO 38892 --- [SpringApplicationShutdownHook] com.zaxxer.hikari.HikariDataSource       : HikariPool-1 - Shutdown completed.
2026-03-24T00:16:51.560+08:00  INFO 42908 --- [main] c.l.Hospital_Mgmt_SB.AppointmentTest     : Starting AppointmentTest using Java 21.0.9 with PID 42908 (started by tauki in D:\New learning codes\SpringBoot Code\anujSharma\CodingShuttleProject\Hospital_Mgmt_SB\Hospital_Mgmt_SB)
2026-03-24T00:16:51.561+08:00  INFO 42908 --- [main] c.l.Hospital_Mgmt_SB.AppointmentTest     : No active profile set, falling back to 1 default profile: "default"
2026-03-24T00:16:52.088+08:00  INFO 42908 --- [main] .s.d.r.c.RepositoryConfigurationDelegate : Bootstrapping Spring Data JPA repositories in DEFAULT mode.
2026-03-24T00:16:52.148+08:00  INFO 42908 --- [main] .s.d.r.c.RepositoryConfigurationDelegate : Finished Spring Data repository scanning in 51 ms. Found 7 JPA repository interfaces.
2026-03-24T00:16:52.500+08:00  INFO 42908 --- [main] org.hibernate.orm.jpa                    : HHH008540: Processing PersistenceUnitInfo [name: default]
2026-03-24T00:16:52.549+08:00  INFO 42908 --- [main] org.hibernate.orm.core                   : HHH000001: Hibernate ORM core version 7.2.4.Final
2026-03-24T00:16:53.033+08:00  INFO 42908 --- [main] o.s.o.j.p.SpringPersistenceUnitInfo      : No LoadTimeWeaver setup: ignoring JPA class transformer
2026-03-24T00:16:53.066+08:00  INFO 42908 --- [main] com.zaxxer.hikari.HikariDataSource       : HikariPool-1 - Starting...
2026-03-24T00:16:53.197+08:00  INFO 42908 --- [main] com.zaxxer.hikari.pool.HikariPool        : HikariPool-1 - Added connection org.postgresql.jdbc.PgConnection@2bf4fa1
2026-03-24T00:16:53.198+08:00  INFO 42908 --- [main] com.zaxxer.hikari.HikariDataSource       : HikariPool-1 - Start completed.
2026-03-24T00:16:53.257+08:00  INFO 42908 --- [main] org.hibernate.orm.connections.pooling    : HHH10001005: Database info:
	Database JDBC URL [jdbc:postgresql://localhost:5432/learnSpringBoot_hospitalDB]
	Database driver: PostgreSQL JDBC Driver
	Database dialect: PostgreSQLDialect
	Database version: 17.4
	Default catalog/schema: learnSpringBoot_hospitalDB/public
	Autocommit mode: undefined/unknown
	Isolation level: READ_COMMITTED [default READ_COMMITTED]
	JDBC fetch size: none
	Pool: DataSourceConnectionProvider
	Minimum pool size: undefined/unknown
	Maximum pool size: undefined/unknown
2026-03-24T00:16:54.113+08:00  INFO 42908 --- [main] org.hibernate.orm.core                   : HHH000489: No JTA platform available (set 'hibernate.transaction.jta.platform' to enable JTA platform integration)
2026-03-24T00:16:54.193+08:00  INFO 42908 --- [main] j.LocalContainerEntityManagerFactoryBean : Initialized JPA EntityManagerFactory for persistence unit 'default'
2026-03-24T00:16:54.322+08:00  INFO 42908 --- [main] o.s.d.j.r.query.QueryEnhancerFactories   : Hibernate is in classpath; If applicable, HQL parser will be used.
2026-03-24T00:16:55.356+08:00  WARN 42908 --- [main] JpaBaseConfiguration$JpaWebConfiguration : spring.jpa.open-in-view is enabled by default. Therefore, database queries may be performed during view rendering. Explicitly configure spring.jpa.open-in-view to disable this warning
2026-03-24T00:16:55.857+08:00  INFO 42908 --- [main] c.l.Hospital_Mgmt_SB.AppointmentTest     : Started AppointmentTest in 4.523 seconds (process running for 5.389)
2026-03-24T00:16:56.238+08:00  WARN 42908 --- [main] org.hibernate.orm.jdbc.error             : HHH000247: ErrorCode: 0, SQLState: 23503
2026-03-24T00:16:56.238+08:00  WARN 42908 --- [main] org.hibernate.orm.jdbc.error             : ERROR: update or delete on table "doctor_mst_sb" violates foreign key constraint "fk_headdoc_department_mst_sb_doctor_mst_sb" on table "department_mst_sb"
  Detail: Key (id)=(1) is still referenced from table "department_mst_sb".
2026-03-24T00:16:56.269+08:00  INFO 42908 --- [SpringApplicationShutdownHook] j.LocalContainerEntityManagerFactoryBean : Closing JPA EntityManagerFactory for persistence unit 'default'
2026-03-24T00:16:56.274+08:00  INFO 42908 --- [SpringApplicationShutdownHook] com.zaxxer.hikari.HikariDataSource       : HikariPool-1 - Shutdown initiated...
2026-03-24T00:16:56.278+08:00  INFO 42908 --- [SpringApplicationShutdownHook] com.zaxxer.hikari.HikariDataSource       : HikariPool-1 - Shutdown completed.
2026-03-24T00:17:44.767+08:00  INFO 41064 --- [main] c.l.Hospital_Mgmt_SB.AppointmentTest     : Starting AppointmentTest using Java 21.0.9 with PID 41064 (started by tauki in D:\New learning codes\SpringBoot Code\anujSharma\CodingShuttleProject\Hospital_Mgmt_SB\Hospital_Mgmt_SB)
2026-03-24T00:17:44.768+08:00  INFO 41064 --- [main] c.l.Hospital_Mgmt_SB.AppointmentTest     : No active profile set, falling back to 1 default profile: "default"
2026-03-24T00:17:45.302+08:00  INFO 41064 --- [main] .s.d.r.c.RepositoryConfigurationDelegate : Bootstrapping Spring Data JPA repositories in DEFAULT mode.
2026-03-24T00:17:45.364+08:00  INFO 41064 --- [main] .s.d.r.c.RepositoryConfigurationDelegate : Finished Spring Data repository scanning in 55 ms. Found 7 JPA repository interfaces.
2026-03-24T00:17:45.740+08:00  INFO 41064 --- [main] org.hibernate.orm.jpa                    : HHH008540: Processing PersistenceUnitInfo [name: default]
2026-03-24T00:17:45.786+08:00  INFO 41064 --- [main] org.hibernate.orm.core                   : HHH000001: Hibernate ORM core version 7.2.4.Final
2026-03-24T00:17:46.264+08:00  INFO 41064 --- [main] o.s.o.j.p.SpringPersistenceUnitInfo      : No LoadTimeWeaver setup: ignoring JPA class transformer
2026-03-24T00:17:46.295+08:00  INFO 41064 --- [main] com.zaxxer.hikari.HikariDataSource       : HikariPool-1 - Starting...
2026-03-24T00:17:46.528+08:00  INFO 41064 --- [main] com.zaxxer.hikari.pool.HikariPool        : HikariPool-1 - Added connection org.postgresql.jdbc.PgConnection@4895e8f6
2026-03-24T00:17:46.529+08:00  INFO 41064 --- [main] com.zaxxer.hikari.HikariDataSource       : HikariPool-1 - Start completed.
2026-03-24T00:17:46.582+08:00  INFO 41064 --- [main] org.hibernate.orm.connections.pooling    : HHH10001005: Database info:
	Database JDBC URL [jdbc:postgresql://localhost:5432/learnSpringBoot_hospitalDB]
	Database driver: PostgreSQL JDBC Driver
	Database dialect: PostgreSQLDialect
	Database version: 17.4
	Default catalog/schema: learnSpringBoot_hospitalDB/public
	Autocommit mode: undefined/unknown
	Isolation level: READ_COMMITTED [default READ_COMMITTED]
	JDBC fetch size: none
	Pool: DataSourceConnectionProvider
	Minimum pool size: undefined/unknown
	Maximum pool size: undefined/unknown
2026-03-24T00:17:47.416+08:00  INFO 41064 --- [main] org.hibernate.orm.core                   : HHH000489: No JTA platform available (set 'hibernate.transaction.jta.platform' to enable JTA platform integration)
2026-03-24T00:17:47.475+08:00  INFO 41064 --- [main] j.LocalContainerEntityManagerFactoryBean : Initialized JPA EntityManagerFactory for persistence unit 'default'
2026-03-24T00:17:47.547+08:00  INFO 41064 --- [main] o.s.d.j.r.query.QueryEnhancerFactories   : Hibernate is in classpath; If applicable, HQL parser will be used.
2026-03-24T00:17:48.613+08:00  WARN 41064 --- [main] JpaBaseConfiguration$JpaWebConfiguration : spring.jpa.open-in-view is enabled by default. Therefore, database queries may be performed during view rendering. Explicitly configure spring.jpa.open-in-view to disable this warning
2026-03-24T00:17:49.172+08:00  INFO 41064 --- [main] c.l.Hospital_Mgmt_SB.AppointmentTest     : Started AppointmentTest in 4.664 seconds (process running for 5.557)
2026-03-24T00:17:49.487+08:00  WARN 41064 --- [main] org.hibernate.orm.jdbc.error             : HHH000247: ErrorCode: 0, SQLState: 23503
2026-03-24T00:17:49.487+08:00  WARN 41064 --- [main] org.hibernate.orm.jdbc.error             : ERROR: update or delete on table "doctor_mst_sb" violates foreign key constraint "fk_headdoc_department_mst_sb_doctor_mst_sb" on table "department_mst_sb"
  Detail: Key (id)=(1) is still referenced from table "department_mst_sb".
2026-03-24T00:17:49.513+08:00  INFO 41064 --- [SpringApplicationShutdownHook] j.LocalContainerEntityManagerFactoryBean : Closing JPA EntityManagerFactory for persistence unit 'default'
2026-03-24T00:17:49.515+08:00  INFO 41064 --- [SpringApplicationShutdownHook] com.zaxxer.hikari.HikariDataSource       : HikariPool-1 - Shutdown initiated...
2026-03-24T00:17:49.518+08:00  INFO 41064 --- [SpringApplicationShutdownHook] com.zaxxer.hikari.HikariDataSource       : HikariPool-1 - Shutdown completed.
2026-03-24T00:18:22.793+08:00  INFO 49712 --- [main] c.l.Hospital_Mgmt_SB.AppointmentTest     : Starting AppointmentTest using Java 21.0.9 with PID 49712 (started by tauki in D:\New learning codes\SpringBoot Code\anujSharma\CodingShuttleProject\Hospital_Mgmt_SB\Hospital_Mgmt_SB)
2026-03-24T00:18:22.795+08:00  INFO 49712 --- [main] c.l.Hospital_Mgmt_SB.AppointmentTest     : No active profile set, falling back to 1 default profile: "default"
2026-03-24T00:18:23.331+08:00  INFO 49712 --- [main] .s.d.r.c.RepositoryConfigurationDelegate : Bootstrapping Spring Data JPA repositories in DEFAULT mode.
2026-03-24T00:18:23.387+08:00  INFO 49712 --- [main] .s.d.r.c.RepositoryConfigurationDelegate : Finished Spring Data repository scanning in 46 ms. Found 7 JPA repository interfaces.
2026-03-24T00:18:23.772+08:00  INFO 49712 --- [main] org.hibernate.orm.jpa                    : HHH008540: Processing PersistenceUnitInfo [name: default]
2026-03-24T00:18:23.823+08:00  INFO 49712 --- [main] org.hibernate.orm.core                   : HHH000001: Hibernate ORM core version 7.2.4.Final
2026-03-24T00:18:24.280+08:00  INFO 49712 --- [main] o.s.o.j.p.SpringPersistenceUnitInfo      : No LoadTimeWeaver setup: ignoring JPA class transformer
2026-03-24T00:18:24.307+08:00  INFO 49712 --- [main] com.zaxxer.hikari.HikariDataSource       : HikariPool-1 - Starting...
2026-03-24T00:18:24.423+08:00  INFO 49712 --- [main] com.zaxxer.hikari.pool.HikariPool        : HikariPool-1 - Added connection org.postgresql.jdbc.PgConnection@4895e8f6
2026-03-24T00:18:24.424+08:00  INFO 49712 --- [main] com.zaxxer.hikari.HikariDataSource       : HikariPool-1 - Start completed.
2026-03-24T00:18:24.472+08:00  INFO 49712 --- [main] org.hibernate.orm.connections.pooling    : HHH10001005: Database info:
	Database JDBC URL [jdbc:postgresql://localhost:5432/learnSpringBoot_hospitalDB]
	Database driver: PostgreSQL JDBC Driver
	Database dialect: PostgreSQLDialect
	Database version: 17.4
	Default catalog/schema: learnSpringBoot_hospitalDB/public
	Autocommit mode: undefined/unknown
	Isolation level: READ_COMMITTED [default READ_COMMITTED]
	JDBC fetch size: none
	Pool: DataSourceConnectionProvider
	Minimum pool size: undefined/unknown
	Maximum pool size: undefined/unknown
2026-03-24T00:18:25.287+08:00  INFO 49712 --- [main] org.hibernate.orm.core                   : HHH000489: No JTA platform available (set 'hibernate.transaction.jta.platform' to enable JTA platform integration)
2026-03-24T00:18:25.339+08:00  INFO 49712 --- [main] j.LocalContainerEntityManagerFactoryBean : Initialized JPA EntityManagerFactory for persistence unit 'default'
2026-03-24T00:18:25.396+08:00  INFO 49712 --- [main] o.s.d.j.r.query.QueryEnhancerFactories   : Hibernate is in classpath; If applicable, HQL parser will be used.
2026-03-24T00:18:26.352+08:00  WARN 49712 --- [main] JpaBaseConfiguration$JpaWebConfiguration : spring.jpa.open-in-view is enabled by default. Therefore, database queries may be performed during view rendering. Explicitly configure spring.jpa.open-in-view to disable this warning
2026-03-24T00:18:26.733+08:00  INFO 49712 --- [main] c.l.Hospital_Mgmt_SB.AppointmentTest     : Started AppointmentTest in 4.194 seconds (process running for 5.073)
2026-03-24T00:18:27.076+08:00  WARN 49712 --- [main] org.hibernate.orm.jdbc.error             : HHH000247: ErrorCode: 0, SQLState: 23503
2026-03-24T00:18:27.076+08:00  WARN 49712 --- [main] org.hibernate.orm.jdbc.error             : ERROR: update or delete on table "doctor_mst_sb" violates foreign key constraint "fk_headdoc_department_mst_sb_doctor_mst_sb" on table "department_mst_sb"
  Detail: Key (id)=(1) is still referenced from table "department_mst_sb".
2026-03-24T00:18:27.108+08:00  INFO 49712 --- [SpringApplicationShutdownHook] j.LocalContainerEntityManagerFactoryBean : Closing JPA EntityManagerFactory for persistence unit 'default'
2026-03-24T00:18:27.110+08:00  INFO 49712 --- [SpringApplicationShutdownHook] com.zaxxer.hikari.HikariDataSource       : HikariPool-1 - Shutdown initiated...
2026-03-24T00:18:27.114+08:00  INFO 49712 --- [SpringApplicationShutdownHook] com.zaxxer.hikari.HikariDataSource       : HikariPool-1 - Shutdown completed.
